Archive member included because of file (symbol)

c:/users/dren/desktop/ajs_gw_src_proj/arm-eabi/bin/../lib/gcc/arm-none-eabi/4.6.3/../../../../arm-none-eabi/lib/thumb2\libc.a(lib_a-atoi.o)
                              build\applications\detector_manage.o (atoi)
c:/users/dren/desktop/ajs_gw_src_proj/arm-eabi/bin/../lib/gcc/arm-none-eabi/4.6.3/../../../../arm-none-eabi/lib/thumb2\libc.a(lib_a-memcmp.o)
                              build\applications\data_rw.o (memcmp)
c:/users/dren/desktop/ajs_gw_src_proj/arm-eabi/bin/../lib/gcc/arm-none-eabi/4.6.3/../../../../arm-none-eabi/lib/thumb2\libc.a(lib_a-memcpy.o)
                              build\applications\data_rw.o (memcpy)
c:/users/dren/desktop/ajs_gw_src_proj/arm-eabi/bin/../lib/gcc/arm-none-eabi/4.6.3/../../../../arm-none-eabi/lib/thumb2\libc.a(lib_a-memset.o)
                              build\applications\detector_manage.o (memset)
c:/users/dren/desktop/ajs_gw_src_proj/arm-eabi/bin/../lib/gcc/arm-none-eabi/4.6.3/../../../../arm-none-eabi/lib/thumb2\libc.a(lib_a-putenv.o)
                              build\components\libc\newlib\libc.o (putenv)
c:/users/dren/desktop/ajs_gw_src_proj/arm-eabi/bin/../lib/gcc/arm-none-eabi/4.6.3/../../../../arm-none-eabi/lib/thumb2\libc.a(lib_a-putenv_r.o)
                              c:/users/dren/desktop/ajs_gw_src_proj/arm-eabi/bin/../lib/gcc/arm-none-eabi/4.6.3/../../../../arm-none-eabi/lib/thumb2\libc.a(lib_a-putenv.o) (_putenv_r)
c:/users/dren/desktop/ajs_gw_src_proj/arm-eabi/bin/../lib/gcc/arm-none-eabi/4.6.3/../../../../arm-none-eabi/lib/thumb2\libc.a(lib_a-setenv_r.o)
                              c:/users/dren/desktop/ajs_gw_src_proj/arm-eabi/bin/../lib/gcc/arm-none-eabi/4.6.3/../../../../arm-none-eabi/lib/thumb2\libc.a(lib_a-putenv_r.o) (_setenv_r)
c:/users/dren/desktop/ajs_gw_src_proj/arm-eabi/bin/../lib/gcc/arm-none-eabi/4.6.3/../../../../arm-none-eabi/lib/thumb2\libc.a(lib_a-sprintf.o)
                              build\applications\detector_manage.o (sprintf)
c:/users/dren/desktop/ajs_gw_src_proj/arm-eabi/bin/../lib/gcc/arm-none-eabi/4.6.3/../../../../arm-none-eabi/lib/thumb2\libc.a(lib_a-strchr.o)
                              c:/users/dren/desktop/ajs_gw_src_proj/arm-eabi/bin/../lib/gcc/arm-none-eabi/4.6.3/../../../../arm-none-eabi/lib/thumb2\libc.a(lib_a-setenv_r.o) (strchr)
c:/users/dren/desktop/ajs_gw_src_proj/arm-eabi/bin/../lib/gcc/arm-none-eabi/4.6.3/../../../../arm-none-eabi/lib/thumb2\libc.a(lib_a-strcmp.o)
                              build\components\finsh\finsh_var.o (strcmp)
c:/users/dren/desktop/ajs_gw_src_proj/arm-eabi/bin/../lib/gcc/arm-none-eabi/4.6.3/../../../../arm-none-eabi/lib/thumb2\libc.a(lib_a-strcpy.o)
                              build\applications\room_manage.o (strcpy)
c:/users/dren/desktop/ajs_gw_src_proj/arm-eabi/bin/../lib/gcc/arm-none-eabi/4.6.3/../../../../arm-none-eabi/lib/thumb2\libc.a(lib_a-strdup_r.o)
                              c:/users/dren/desktop/ajs_gw_src_proj/arm-eabi/bin/../lib/gcc/arm-none-eabi/4.6.3/../../../../arm-none-eabi/lib/thumb2\libc.a(lib_a-putenv_r.o) (_strdup_r)
c:/users/dren/desktop/ajs_gw_src_proj/arm-eabi/bin/../lib/gcc/arm-none-eabi/4.6.3/../../../../arm-none-eabi/lib/thumb2\libc.a(lib_a-strlen.o)
                              build\applications\listen.o (strlen)
c:/users/dren/desktop/ajs_gw_src_proj/arm-eabi/bin/../lib/gcc/arm-none-eabi/4.6.3/../../../../arm-none-eabi/lib/thumb2\libc.a(lib_a-strncmp.o)
                              build\applications\menu.o (strncmp)
c:/users/dren/desktop/ajs_gw_src_proj/arm-eabi/bin/../lib/gcc/arm-none-eabi/4.6.3/../../../../arm-none-eabi/lib/thumb2\libc.a(lib_a-strncpy.o)
                              build\components\finsh\finsh_node.o (strncpy)
c:/users/dren/desktop/ajs_gw_src_proj/arm-eabi/bin/../lib/gcc/arm-none-eabi/4.6.3/../../../../arm-none-eabi/lib/thumb2\libc.a(lib_a-strtol.o)
                              c:/users/dren/desktop/ajs_gw_src_proj/arm-eabi/bin/../lib/gcc/arm-none-eabi/4.6.3/../../../../arm-none-eabi/lib/thumb2\libc.a(lib_a-atoi.o) (_strtol_r)
c:/users/dren/desktop/ajs_gw_src_proj/arm-eabi/bin/../lib/gcc/arm-none-eabi/4.6.3/../../../../arm-none-eabi/lib/thumb2\libc.a(lib_a-svfprintf.o)
                              c:/users/dren/desktop/ajs_gw_src_proj/arm-eabi/bin/../lib/gcc/arm-none-eabi/4.6.3/../../../../arm-none-eabi/lib/thumb2\libc.a(lib_a-sprintf.o) (_svfprintf_r)
c:/users/dren/desktop/ajs_gw_src_proj/arm-eabi/bin/../lib/gcc/arm-none-eabi/4.6.3/../../../../arm-none-eabi/lib/thumb2\libc.a(lib_a-tzset.o)
                              c:/users/dren/desktop/ajs_gw_src_proj/arm-eabi/bin/../lib/gcc/arm-none-eabi/4.6.3/../../../../arm-none-eabi/lib/thumb2\libc.a(lib_a-setenv_r.o) (tzset)
c:/users/dren/desktop/ajs_gw_src_proj/arm-eabi/bin/../lib/gcc/arm-none-eabi/4.6.3/../../../../arm-none-eabi/lib/thumb2\libc.a(lib_a-tzset_r.o)
[...]
Memory Configuration

Name             Origin             Length             Attributes
CODE             0x08000000         0x00080000         xr
DATA             0x20000000         0x00010000         rw
*default*        0x00000000         0xffffffff

Linker script and memory map

LOAD c:/users/dren/desktop/ajs_gw_src_proj/arm-eabi/bin/../lib/gcc/arm-none-eabi/4.6.3/thumb2/crti.o
LOAD c:/users/dren/desktop/ajs_gw_src_proj/arm-eabi/bin/../lib/gcc/arm-none-eabi/4.6.3/thumb2/crtbegin.o
LOAD build\applications\alarm.o
LOAD build\applications\application.o
LOAD build\applications\data_rw.o
LOAD build\applications\detector_manage.o
LOAD build\applications\listen.o
LOAD build\applications\menu.o
LOAD build\applications\record.o
LOAD build\applications\room_manage.o
LOAD build\applications\settings.o
LOAD build\applications\sim900a.o
LOAD build\applications\startup.o
LOAD build\drivers\board.o
LOAD build\drivers\stm32f10x_it.o
LOAD build\drivers\led.o
LOAD build\drivers\usart.o
LOAD build\drivers\key.o
LOAD build\drivers\jlx12864.o
LOAD build\drivers\hz12font.o
LOAD build\drivers\f315.o
LOAD build\drivers\audio.o
LOAD build\drivers\usr_uart.o
LOAD build\Libraries\CMSIS\CM3\DeviceSupport\ST\STM32F10x\system_stm32f10x.o
LOAD build\Libraries\STM32F10x_StdPeriph_Driver\src\stm32f10x_crc.o
LOAD build\Libraries\STM32F10x_StdPeriph_Driver\src\stm32f10x_rcc.o
LOAD build\Libraries\STM32F10x_StdPeriph_Driver\src\stm32f10x_wwdg.o
LOAD build\Libraries\STM32F10x_StdPeriph_Driver\src\stm32f10x_pwr.o
LOAD build\Libraries\STM32F10x_StdPeriph_Driver\src\stm32f10x_exti.o
LOAD build\Libraries\STM32F10x_StdPeriph_Driver\src\stm32f10x_bkp.o
LOAD build\Libraries\STM32F10x_StdPeriph_Driver\src\stm32f10x_i2c.o
LOAD build\Libraries\STM32F10x_StdPeriph_Driver\src\stm32f10x_adc.o
LOAD build\Libraries\STM32F10x_StdPeriph_Driver\src\stm32f10x_dac.o
LOAD build\Libraries\STM32F10x_StdPeriph_Driver\src\stm32f10x_rtc.o
LOAD build\Libraries\STM32F10x_StdPeriph_Driver\src\stm32f10x_fsmc.o
LOAD build\Libraries\STM32F10x_StdPeriph_Driver\src\stm32f10x_tim.o
LOAD build\Libraries\STM32F10x_StdPeriph_Driver\src\stm32f10x_iwdg.o
LOAD build\Libraries\STM32F10x_StdPeriph_Driver\src\stm32f10x_spi.o
LOAD build\Libraries\STM32F10x_StdPeriph_Driver\src\stm32f10x_flash.o
LOAD build\Libraries\STM32F10x_StdPeriph_Driver\src\stm32f10x_sdio.o
LOAD build\Libraries\STM32F10x_StdPeriph_Driver\src\stm32f10x_gpio.o
LOAD build\Libraries\STM32F10x_StdPeriph_Driver\src\stm32f10x_usart.o
LOAD build\Libraries\STM32F10x_StdPeriph_Driver\src\stm32f10x_dbgmcu.o
LOAD build\Libraries\STM32F10x_StdPeriph_Driver\src\stm32f10x_dma.o
LOAD build\Libraries\STM32F10x_StdPeriph_Driver\src\stm32f10x_can.o
LOAD build\Libraries\STM32F10x_StdPeriph_Driver\src\stm32f10x_cec.o
LOAD build\Libraries\STM32F10x_StdPeriph_Driver\src\misc.o
LOAD build\Libraries\CMSIS\CM3\DeviceSupport\ST\STM32F10x\startup\gcc_ride7\startup_stm32f10x_hd.o
LOAD build\src\clock.o
LOAD build\src\device.o
LOAD build\src\idle.o
LOAD build\src\ipc.o
LOAD build\src\irq.o
LOAD build\src\kservice.o
LOAD build\src\mem.o
LOAD build\src\mempool.o
LOAD build\src\object.o
LOAD build\src\scheduler.o
LOAD build\src\thread.o
LOAD build\src\timer.o
LOAD build\libcpu\arm\cortex-m3\cpuport.o
LOAD build\libcpu\arm\cortex-m3\context_gcc.o
LOAD build\libcpu\arm\common\backtrace.o
LOAD build\libcpu\arm\common\div0.o
LOAD build\libcpu\arm\common\showmem.o
LOAD build\components\drivers\serial\serial.o
LOAD build\components\drivers\src\completion.o
LOAD build\components\drivers\src\dataqueue.o
LOAD build\components\drivers\src\pipe.o
LOAD build\components\drivers\src\portal.o
LOAD build\components\drivers\src\ringbuffer.o
LOAD build\components\finsh\shell.o
LOAD build\components\finsh\symbol.o
LOAD build\components\finsh\cmd.o
LOAD build\components\finsh\msh_cmd.o
LOAD build\components\finsh\msh.o
LOAD build\components\finsh\finsh_compiler.o
LOAD build\components\finsh\finsh_error.o
LOAD build\components\finsh\finsh_heap.o
LOAD build\components\finsh\finsh_init.o
LOAD build\components\finsh\finsh_node.o
LOAD build\components\finsh\finsh_ops.o
LOAD build\components\finsh\finsh_parser.o
LOAD build\components\finsh\finsh_var.o
LOAD build\components\finsh\finsh_vm.o
LOAD build\components\finsh\finsh_token.o
LOAD build\components\libc\newlib\libc.o
LOAD build\components\libc\newlib\syscalls.o
LOAD c:/users/dren/desktop/ajs_gw_src_proj/arm-eabi/bin/../lib/gcc/arm-none-eabi/4.6.3/../../../../arm-none-eabi/lib/thumb2\libc.a
LOAD c:/users/dren/desktop/ajs_gw_src_proj/arm-eabi/bin/../lib/gcc/arm-none-eabi/4.6.3/../../../../arm-none-eabi/lib/thumb2\libm.a
START GROUP
LOAD c:/users/dren/desktop/ajs_gw_src_proj/arm-eabi/bin/../lib/gcc/arm-none-eabi/4.6.3/thumb2\libgcc.a
LOAD c:/users/dren/desktop/ajs_gw_src_proj/arm-eabi/bin/../lib/gcc/arm-none-eabi/4.6.3/../../../../arm-none-eabi/lib/thumb2\libc.a
END GROUP
LOAD c:/users/dren/desktop/ajs_gw_src_proj/arm-eabi/bin/../lib/gcc/arm-none-eabi/4.6.3/thumb2/crtend.o
LOAD c:/users/dren/desktop/ajs_gw_src_proj/arm-eabi/bin/../lib/gcc/arm-none-eabi/4.6.3/thumb2/crtn.o
                0x00000100                _system_stack_size = 0x100

.text           0x08000000    0x51d60
                0x08000000                . = ALIGN (0x4)
                0x08000000                _stext = .
 *(.isr_vector)
 .isr_vector    0x08000000      0x1e4 build\Libraries\CMSIS\CM3\DeviceSupport\ST\STM32F10x\startup\gcc_ride7\startup_stm32f10x_hd.o
                0x08000000                g_pfnVectors
                0x080001e4                . = ALIGN (0x4)
 *(.text)
 .text          0x080001e4      0x100 build\libcpu\arm\cortex-m3\context_gcc.o
                0x080001e4                rt_hw_interrupt_disable
                0x080001ec                rt_hw_interrupt_enable
                0x080001f2                rt_hw_context_switch_interrupt
                0x080001f2                rt_hw_context_switch
                0x08000212                PendSV_Handler
                0x0800024e                rt_hw_context_switch_to
                0x08000284                rt_hw_interrupt_thread_switch
                0x08000288                HardFault_Handler
                0x080002bc                rt_hw_interrupt_check
 .text          0x080002e4       0x10 c:/users/dren/desktop/ajs_gw_src_proj/arm-eabi/bin/../lib/gcc/arm-none-eabi/4.6.3/../../../../arm-none-eabi/lib/thumb2\libc.a(lib_a-atoi.o)
                0x080002e4                atoi
                0x080002ec                _atoi_r
 .text          0x080002f4       0x5c c:/users/dren/desktop/ajs_gw_src_proj/arm-eabi/bin/../lib/gcc/arm-none-eabi/4.6.3/../../../../arm-none-eabi/lib/thumb2\libc.a(lib_a-memcmp.o)
                0x080002f4                memcmp
 .text          0x08000350       0xf0 c:/users/dren/desktop/ajs_gw_src_proj/arm-eabi/bin/../lib/gcc/arm-none-eabi/4.6.3/../../../../arm-none-eabi/lib/thumb2\libc.a(lib_a-memcpy.o)
                0x08000350                memcpy
 .text          0x08000440       0x8c c:/users/dren/desktop/ajs_gw_src_proj/arm-eabi/bin/../lib/gcc/arm-none-eabi/4.6.3/../../../../arm-none-eabi/lib/thumb2\libc.a(lib_a-memset.o)
                0x08000440                memset
 .text          0x080004cc       0x94 c:/users/dren/desktop/ajs_gw_src_proj/arm-eabi/bin/../lib/gcc/arm-none-eabi/4.6.3/../../../../arm-none-eabi/lib/thumb2\libc.a(lib_a-sprintf.o)
                0x080004cc                _sprintf_r
                0x08000510                sprintf
 .text          0x08000560      0x1dc c:/users/dren/desktop/ajs_gw_src_proj/arm-eabi/bin/../lib/gcc/arm-none-eabi/4.6.3/../../../../arm-none-eabi/lib/thumb2\libc.a(lib_a-strcmp.o)
                0x08000560                strcmp
 .text          0x0800073c       0xbc c:/users/dren/desktop/ajs_gw_src_proj/arm-eabi/bin/../lib/gcc/arm-none-eabi/4.6.3/../../../../arm-none-eabi/lib/thumb2\libc.a(lib_a-strcpy.o)
                0x0800073c                strcpy
 .text          0x080007f8       0x60 c:/users/dren/desktop/ajs_gw_src_proj/arm-eabi/bin/../lib/gcc/arm-none-eabi/4.6.3/../../../../arm-none-eabi/lib/thumb2\libc.a(lib_a-strlen.o)
                0x080007f8                strlen
 .text          0x08000858       0xa8 c:/users/dren/desktop/ajs_gw_src_proj/arm-eabi/bin/../lib/gcc/arm-none-eabi/4.6.3/../../../../arm-none-eabi/lib/thumb2\libc.a(lib_a-strncmp.o)
                0x08000858                strncmp
 .text          0x08000900       0x74 c:/users/dren/desktop/ajs_gw_src_proj/arm-eabi/bin/../lib/gcc/arm-none-eabi/4.6.3/../../../../arm-none-eabi/lib/thumb2\libc.a(lib_a-strncpy.o)
                0x08000900                strncpy
 .text          0x08000974      0x17c c:/users/dren/desktop/ajs_gw_src_proj/arm-eabi/bin/../lib/gcc/arm-none-eabi/4.6.3/../../../../arm-none-eabi/lib/thumb2\libc.a(lib_a-strtol.o)
                0x08000974                _strtol_r
                0x08000ad4                strtol
 .text          0x08000af0     0x14e0 c:/users/dren/desktop/ajs_gw_src_proj/arm-eabi/bin/../lib/gcc/arm-none-eabi/4.6.3/../../../../arm-none-eabi/lib/thumb2\libc.a(lib_a-svfprintf.o)
                0x08000af0                _svfprintf_r
 .text          0x08001fd0     0x1030 c:/users/dren/desktop/ajs_gw_src_proj/arm-eabi/bin/../lib/gcc/arm-none-eabi/4.6.3/../../../../arm-none-eabi/lib/thumb2\libc.a(lib_a-dtoa.o)
                0x08002118                _dtoa_r
 .text          0x08003000       0xa4 c:/users/dren/desktop/ajs_gw_src_proj/arm-eabi/bin/../lib/gcc/arm-none-eabi/4.6.3/../../../../arm-none-eabi/lib/thumb2\libc.a(lib_a-locale.o)
                0x08003000                _setlocale_r
                0x0800305c                __locale_charset
                0x08003068                __locale_mb_cur_max
                0x08003074                __locale_msgcharset
                0x0800307c                __locale_cjk_lang
                0x08003080                _localeconv_r
                0x08003088                setlocale
                0x0800309c                localeconv
 .text          0x080030a4       0x20 c:/users/dren/desktop/ajs_gw_src_proj/arm-eabi/bin/../lib/gcc/arm-none-eabi/4.6.3/../../../../arm-none-eabi/lib/thumb2\libc.a(lib_a-malloc.o)
                0x080030a4                malloc
                0x080030b4                free
 .text          0x080030c4       0x88 c:/users/dren/desktop/ajs_gw_src_proj/arm-eabi/bin/../lib/gcc/arm-none-eabi/4.6.3/../../../../arm-none-eabi/lib/thumb2\libc.a(lib_a-memchr.o)
                0x080030c4                memchr
 .text          0x0800314c       0xbc c:/users/dren/desktop/ajs_gw_src_proj/arm-eabi/bin/../lib/gcc/arm-none-eabi/4.6.3/../../../../arm-none-eabi/lib/thumb2\libc.a(lib_a-memmove.o)
                0x0800314c                memmove
 .text          0x08003208      0x910 c:/users/dren/desktop/ajs_gw_src_proj/arm-eabi/bin/../lib/gcc/arm-none-eabi/4.6.3/../../../../arm-none-eabi/lib/thumb2\libc.a(lib_a-mprec.o)
                0x08003208                _Balloc
                0x08003274                _Bfree
                0x080032ac                __multadd
                0x08003330                __s2b
                0x080033c4                __hi0bits
                0x08003400                __lo0bits
                0x0800345c                __i2b
                0x08003470                __multiply
                0x080035ac                __pow5mult
                0x0800364c                __lshift
                0x08003708                __mcmp
                0x08003748                __mdiff
                0x08003828                __ulp
                0x0800386c                __b2d
                0x0800391c                __d2b
                0x080039e8                __ratio
                0x08003a3c                _mprec_log10
                0x08003a70                __copybits
                0x08003ab8                __any_on
 .text          0x08003b18       0x94 c:/users/dren/desktop/ajs_gw_src_proj/arm-eabi/bin/../lib/gcc/arm-none-eabi/4.6.3/../../../../arm-none-eabi/lib/thumb2\libc.a(lib_a-s_fpclassify.o)
                0x08003b18                __fpclassifyd
 .text          0x08003bac      0xb60 c:/users/dren/desktop/ajs_gw_src_proj/arm-eabi/bin/../lib/gcc/arm-none-eabi/4.6.3/../../../../arm-none-eabi/lib/thumb2\libc.a(lib_a-svfiprintf.o)
                0x08003bac                __ssprint_r
                0x08003cc4                _svfiprintf_r
 *fill*         0x0800470c        0x4 00000000
 .text          0x08004710      0x278 c:/users/dren/desktop/ajs_gw_src_proj/arm-eabi/bin/../lib/gcc/arm-none-eabi/4.6.3/thumb2\libgcc.a(_udivsi3.o)
                0x08004710                __aeabi_uidiv
                0x08004710                __udivsi3
                0x0800496c                __aeabi_uidivmod
 .text          0x08004988        0x4 c:/users/dren/desktop/ajs_gw_src_proj/arm-eabi/bin/../lib/gcc/arm-none-eabi/4.6.3/thumb2\libgcc.a(_dvmd_tls.o)
                0x08004988                __aeabi_idiv0
                0x08004988                __aeabi_ldiv0
 .text          0x0800498c      0x370 c:/users/dren/desktop/ajs_gw_src_proj/arm-eabi/bin/../lib/gcc/arm-none-eabi/4.6.3/thumb2\libgcc.a(_arm_addsubdf3.o)
                0x0800498c                __aeabi_drsub
                0x08004994                __aeabi_dsub
                0x08004994                __subdf3
                0x08004998                __aeabi_dadd
                0x08004998                __adddf3
                0x08004c10                __floatunsidf
                0x08004c10                __aeabi_ui2d
                0x08004c30                __floatsidf
                0x08004c30                __aeabi_i2d
                0x08004c54                __aeabi_f2d
                0x08004c54                __extendsfdf2
                0x08004c90                __floatundidf
                0x08004c90                __aeabi_ul2d
                0x08004ca0                __floatdidf
                0x08004ca0                __aeabi_l2d
 .text          0x08004cfc      0x424 c:/users/dren/desktop/ajs_gw_src_proj/arm-eabi/bin/../lib/gcc/arm-none-eabi/4.6.3/thumb2\libgcc.a(_arm_muldivdf3.o)
                0x08004cfc                __aeabi_dmul
                0x08004cfc                __muldf3
                0x08004f50                __divdf3
                0x08004f50                __aeabi_ddiv
 .text          0x08005120      0x110 c:/users/dren/desktop/ajs_gw_src_proj/arm-eabi/bin/../lib/gcc/arm-none-eabi/4.6.3/thumb2\libgcc.a(_arm_cmpdf2.o)
                0x08005120                __gtdf2
                0x08005120                __gedf2
                0x08005128                __ltdf2
                0x08005128                __ledf2
                0x08005130                __nedf2
                0x08005130                __eqdf2
                0x08005130                __cmpdf2
                0x080051ac                __aeabi_cdrcmple
                0x080051bc                __aeabi_cdcmpeq
                0x080051bc                __aeabi_cdcmple
                0x080051cc                __aeabi_dcmpeq
                0x080051e0                __aeabi_dcmplt
                0x080051f4                __aeabi_dcmple
                0x08005208                __aeabi_dcmpge
                0x0800521c                __aeabi_dcmpgt
 .text          0x08005230       0x50 c:/users/dren/desktop/ajs_gw_src_proj/arm-eabi/bin/../lib/gcc/arm-none-eabi/4.6.3/thumb2\libgcc.a(_arm_fixdfsi.o)
                0x08005230                __aeabi_d2iz
                0x08005230                __fixdfsi
 .text          0x08005280      0x21c c:/users/dren/desktop/ajs_gw_src_proj/arm-eabi/bin/../lib/gcc/arm-none-eabi/4.6.3/thumb2\libgcc.a(_arm_addsubsf3.o)
                0x08005280                __aeabi_frsub
                0x08005288                __subsf3
                0x08005288                __aeabi_fsub
                0x0800528c                __aeabi_fadd
                0x0800528c                __addsf3
                0x080053ec                __aeabi_ui2f
                0x080053ec                __floatunsisf
                0x080053f4                __aeabi_i2f
                0x080053f4                __floatsisf
                0x08005410                __aeabi_ul2f
                0x08005410                __floatundisf
                0x08005420                __aeabi_l2f
                0x08005420                __floatdisf
 .text          0x0800549c      0x2a0 c:/users/dren/desktop/ajs_gw_src_proj/arm-eabi/bin/../lib/gcc/arm-none-eabi/4.6.3/thumb2\libgcc.a(_arm_muldivsf3.o)
                0x0800549c                __mulsf3
                0x0800549c                __aeabi_fmul
                0x08005604                __aeabi_fdiv
                0x08005604                __divsf3
 .text          0x0800573c       0x2c c:/users/dren/desktop/ajs_gw_src_proj/arm-eabi/bin/../lib/gcc/arm-none-eabi/4.6.3/thumb2\libgcc.a(_aeabi_uldivmod.o)
                0x0800573c                __aeabi_uldivmod
 .text          0x08005768       0x5c c:/users/dren/desktop/ajs_gw_src_proj/arm-eabi/bin/../lib/gcc/arm-none-eabi/4.6.3/thumb2\libgcc.a(bpabi.o)
                0x08005768                __gnu_ldivmod_helper
                0x08005798                __gnu_uldivmod_helper
 .text          0x080057c4      0x364 c:/users/dren/desktop/ajs_gw_src_proj/arm-eabi/bin/../lib/gcc/arm-none-eabi/4.6.3/thumb2\libgcc.a(_divdi3.o)
                0x080057c4                __divdi3
 .text          0x08005b28      0x33c c:/users/dren/desktop/ajs_gw_src_proj/arm-eabi/bin/../lib/gcc/arm-none-eabi/4.6.3/thumb2\libgcc.a(_udivdi3.o)
                0x08005b28                __udivdi3
 *(.text.*)
 .text.power_pin_init
                0x08005e64       0x30 build\applications\application.o
                0x08005e64                power_pin_init
 .text.rt_init_thread_entry
                0x08005e94       0x54 build\applications\application.o
                0x08005e94                rt_init_thread_entry
 .text.rt_application_init
                0x08005ee8       0x30 build\applications\application.o
                0x08005ee8                rt_application_init
 .text.find_all_room
                0x08005f18       0x5c build\applications\data_rw.o
                0x08005f18                find_all_room
 .text.find_room
                0x08005f74       0x44 build\applications\data_rw.o
                0x08005f74                find_room
 .text.write_room
                0x08005fb8       0xec build\applications\data_rw.o
                0x08005fb8                write_room
 .text.find_write_room
                0x080060a4       0xfc build\applications\data_rw.o
                0x080060a4                find_write_room
 .text.find_delete_room
                0x080061a0      0x108 build\applications\data_rw.o
                0x080061a0                find_delete_room
 .text.find_detector_in_room
                0x080062a8       0xac build\applications\data_rw.o
                0x080062a8                find_detector_in_room
 .text.find_detector
                0x08006354       0x64 build\applications\data_rw.o
                0x08006354                find_detector
 .text.find_delete_detector
                0x080063b8       0x90 build\applications\data_rw.o
                0x080063b8                find_delete_detector
 .text.find_all_rec
                0x08006448       0x64 build\applications\data_rw.o
                0x08006448                find_all_rec
 .text.add_rec  0x080064ac       0xfc build\applications\data_rw.o
                0x080064ac                add_rec
 .text.wipe_all_rec
                0x080065a8       0x94 build\applications\data_rw.o
                0x080065a8                wipe_all_rec
 .text.wipe_all_room
                0x0800663c       0x90 build\applications\data_rw.o
                0x0800663c                wipe_all_room
 .text.wipe_all_publici_phone
                0x080066cc       0x1c build\applications\data_rw.o
                0x080066cc                wipe_all_publici_phone
 .text.wipe_passwd
                0x080066e8       0x1c build\applications\data_rw.o
                0x080066e8                wipe_passwd
 .text.find_delete_rec
                0x08006704      0x104 build\applications\data_rw.o
                0x08006704                find_delete_rec
 .text.write_public_phone
                0x08006808       0x48 build\applications\data_rw.o
                0x08006808                write_public_phone
 .text.input_detector
                0x08006850      0x120 build\applications\detector_manage.o
                0x08006850                input_detector
 .text.detector_query
                0x08006970       0xd8 build\applications\detector_manage.o
                0x08006970                detector_query
 .text.detector_delete
                0x08006a48       0x94 build\applications\detector_manage.o
                0x08006a48                detector_delete
 .text.input_room_id
                0x08006adc       0x7c build\applications\detector_manage.o
                0x08006adc                input_room_id
 .text.detector_add
                0x08006b58      0x16c build\applications\detector_manage.o
                0x08006b58                detector_add
 .text.detector_manage
                0x08006cc4       0xbc build\applications\detector_manage.o
                0x08006cc4                detector_manage
 .text.listen_thread_entry
                0x08006d80      0x178 build\applications\listen.o
                0x08006d80                listen_thread_entry
 .text.alarm_to_phone
                0x08006ef8      0x3b0 build\applications\listen.o
                0x08006ef8                alarm_to_phone
 .text.gsm_thread_entry
                0x080072a8      0x2dc build\applications\listen.o
                0x080072a8                gsm_thread_entry
 .text.listen_thread_run
                0x08007584       0x30 build\applications\listen.o
                0x08007584                listen_thread_run
 .text.gsm_thread_run
                0x080075b4       0x30 build\applications\listen.o
                0x080075b4                gsm_thread_run
 .text.modif_input_panel
                0x080075e4      0x134 build\applications\menu.o
                0x080075e4                modif_input_panel
 .text.show_menu_left
                0x08007718      0x264 build\applications\menu.o
                0x08007718                show_menu_left
 .text.show_menu_full_func
                0x0800797c      0x378 build\applications\menu.o
                0x0800797c                show_menu_full_func
 .text.str_separation
                0x08007cf4       0x64 build\applications\menu.o
                0x08007cf4                str_separation
 .text.auth     0x08007d58       0x74 build\applications\menu.o
                0x08007d58                auth
 .text.show_home_ui
                0x08007dcc      0x25c build\applications\menu.o
                0x08007dcc                show_home_ui
 .text.menu_thread_entry
                0x08008028       0xbc build\applications\menu.o
                0x08008028                menu_thread_entry
 .text.menu_thread_run
                0x080080e4       0x3c build\applications\menu.o
                0x080080e4                menu_thread_run
 .text.wipe_rec_ret
                0x08008120       0x3c build\applications\record.o
                0x08008120                wipe_rec_ret
 .text.show_rec_info
                0x0800815c      0x124 build\applications\record.o
                0x0800815c                show_rec_info
 .text.scan_recording
                0x08008280      0x1e4 build\applications\record.o
                0x08008280                scan_recording
 .text.scan_room
                0x08008464      0x1a8 build\applications\room_manage.o
                0x08008464                scan_room
 .text.room_delete
                0x0800860c       0x74 build\applications\room_manage.o
                0x0800860c                room_delete
 .text.edit_phone
                0x08008680       0x44 build\applications\room_manage.o
                0x08008680                edit_phone
 .text.edit_detector
                0x080086c4       0x2c build\applications\room_manage.o
                0x080086c4                edit_detector
 .text.delete_signal
                0x080086f0       0x4c build\applications\room_manage.o
                0x080086f0                delete_signal
 .text.number_str_check
                0x0800873c       0x30 build\applications\room_manage.o
                0x0800873c                number_str_check
 .text.edit_save_room_by_text
                0x0800876c      0x188 build\applications\room_manage.o
                0x0800876c                edit_save_room_by_text
 .text.show_room_info
                0x080088f4      0x354 build\applications\room_manage.o
                0x080088f4                show_room_info
 .text.room_query
                0x08008c48       0x5c build\applications\room_manage.o
                0x08008c48                room_query
 .text.room_add
                0x08008ca4       0xbc build\applications\room_manage.o
                0x08008ca4                room_add
 .text.room_manage
                0x08008d60       0xdc build\applications\room_manage.o
                0x08008d60                room_manage
 .text.repeater_det
                0x08008e3c       0xf0 build\applications\settings.o
                0x08008e3c                repeater_det
 .text.wipe_all_data
                0x08008f2c       0xa8 build\applications\settings.o
                0x08008f2c                wipe_all_data
 .text.passwd_setting
                0x08008fd4       0x8c build\applications\settings.o
                0x08008fd4                passwd_setting
 .text.time_setting
                0x08009060      0x114 build\applications\settings.o
                0x08009060                time_setting
 .text.passwd_init
                0x08009174       0x3c build\applications\settings.o
                0x08009174                passwd_init
 .text.edit_pubulic_by_text
                0x080091b0       0x8c build\applications\settings.o
                0x080091b0                edit_pubulic_by_text
 .text.public_phone_setting
                0x0800923c      0x3ac build\applications\settings.o
                0x0800923c                public_phone_setting
 .text.settings
                0x080095e8      0x108 build\applications\settings.o
                0x080095e8                settings
 .text.SIM900A_Gpio_Init
                0x080096f0       0x54 build\applications\sim900a.o
                0x080096f0                SIM900A_Gpio_Init
 .text.SIM900A_Open_Close
                0x08009744       0x54 build\applications\sim900a.o
                0x08009744                SIM900A_Open_Close
 .text.find_str
                0x08009798       0x94 build\applications\sim900a.o
                0x08009798                find_str
 .text.sim900a_send_cmd
                0x0800982c      0x108 build\applications\sim900a.o
                0x0800982c                sim900a_send_cmd
 .text.at       0x08009934       0x40 build\applications\sim900a.o
 .text.sim900a_init
                0x08009974       0x88 build\applications\sim900a.o
                0x08009974                sim900a_init
 .text.sim900a_send_cmd_fast
                0x080099fc       0xec build\applications\sim900a.o
                0x080099fc                sim900a_send_cmd_fast
 .text.sim900a_send_cmd_without_mutex
                0x08009ae8       0xc0 build\applications\sim900a.o
                0x08009ae8                sim900a_send_cmd_without_mutex
 .text.cstr_to_unicode
                0x08009ba8       0xb0 build\applications\sim900a.o
                0x08009ba8                cstr_to_unicode
 .text.sim900a_send_unicode_msg
                0x08009c58       0xc0 build\applications\sim900a.o
                0x08009c58                sim900a_send_unicode_msg
 .text.sim900a_call
                0x08009d18      0x1fc build\applications\sim900a.o
                0x08009d18                sim900a_call
 .text.sim900a_hang
                0x08009f14       0x48 build\applications\sim900a.o
                0x08009f14                sim900a_hang
 .text.sim900a_get_rssi
                0x08009f5c      0x134 build\applications\sim900a.o
                0x08009f5c                sim900a_get_rssi
 .text.sim900a_get_time
                0x0800a090       0xc4 build\applications\sim900a.o
                0x0800a090                sim900a_get_time
 .text.assert_failed
                0x0800a154       0x30 build\applications\startup.o
                0x0800a154                assert_failed
 .text.rtthread_startup
                0x0800a184       0x38 build\applications\startup.o
                0x0800a184                rtthread_startup
 .text.startup.main
                0x0800a1bc       0x10 build\applications\startup.o
                0x0800a1bc                main
 .text.NVIC_Configuration
                0x0800a1cc        0xc build\drivers\board.o
                0x0800a1cc                NVIC_Configuration
 .text.SysTick_Handler
                0x0800a1d8       0x14 build\drivers\board.o
                0x0800a1d8                SysTick_Handler
 .text.rt_hw_board_init
                0x0800a1ec       0x64 build\drivers\board.o
                0x0800a1ec                rt_hw_board_init
 .text.NMI_Handler
                0x0800a250        0x4 build\drivers\stm32f10x_it.o
                0x0800a250                NMI_Handler
 .text.MemManage_Handler
                0x0800a254       0x10 build\drivers\stm32f10x_it.o
                0x0800a254                MemManage_Handler
 .text.BusFault_Handler
                0x0800a264       0x10 build\drivers\stm32f10x_it.o
                0x0800a264                BusFault_Handler
 .text.UsageFault_Handler
                0x0800a274       0x10 build\drivers\stm32f10x_it.o
                0x0800a274                UsageFault_Handler
 .text.SVC_Handler
                0x0800a284        0x4 build\drivers\stm32f10x_it.o
                0x0800a284                SVC_Handler
 .text.DebugMon_Handler
                0x0800a288        0x4 build\drivers\stm32f10x_it.o
                0x0800a288                DebugMon_Handler
 .text.cpu_counter
                0x0800a28c       0x40 build\drivers\led.o
                0x0800a28c                cpu_counter
 .text.look     0x0800a2cc       0x18 build\drivers\led.o
                0x0800a2cc                look
 .text.reset    0x0800a2e4       0x1c build\drivers\led.o
                0x0800a2e4                reset
 .text.rt_timer_out
                0x0800a300       0x30 build\drivers\led.o
                0x0800a300                rt_timer_out
 .text.kill     0x0800a330       0x48 build\drivers\led.o
                0x0800a330                kill
 .text.rt_hw_led_init
                0x0800a378       0x78 build\drivers\led.o
                0x0800a378                rt_hw_led_init
 .text.led_thread_entry
                0x0800a3f0      0x144 build\drivers\led.o
                0x0800a3f0                led_thread_entry
 .text.led_thread_run
                0x0800a534       0x30 build\drivers\led.o
                0x0800a534                led_thread_run
 .text.stm32_getc
                0x0800a564       0x4c build\drivers\usart.o
 .text.stm32_putc
                0x0800a5b0       0x48 build\drivers\usart.o
 .text.stm32_control
                0x0800a5f8       0x88 build\drivers\usart.o
 .text.stm32_configure
                0x0800a680       0xc8 build\drivers\usart.o
 .text.UART4_IRQHandler
                0x0800a748       0x58 build\drivers\usart.o
                0x0800a748                UART4_IRQHandler
 .text.rt_hw_usart_init
                0x0800a7a0       0xd0 build\drivers\usart.o
                0x0800a7a0                rt_hw_usart_init
 .text.KEY_Init
                0x0800a870       0x58 build\drivers\key.o
                0x0800a870                KEY_Init
 .text.KEY_Board_Data
                0x0800a8c8      0x2f0 build\drivers\key.o
                0x0800a8c8                KEY_Board_Data
 .text.KEY_Value_Read
                0x0800abb8      0x104 build\drivers\key.o
                0x0800abb8                KEY_Value_Read
 .text.LCD_Send_Command
                0x0800acbc       0x68 build\drivers\jlx12864.o
 .text.LCD_Send_Data
                0x0800ad24       0x68 build\drivers\jlx12864.o
 .text.LCD_Specify_Display
                0x0800ad8c       0x64 build\drivers\jlx12864.o
 .text.GUI_Fill_Screen
                0x0800adf0       0x58 build\drivers\jlx12864.o
                0x0800adf0                GUI_Fill_Screen
 .text.JLX12864_LCD_Init
                0x0800ae48      0x14c build\drivers\jlx12864.o
                0x0800ae48                JLX12864_LCD_Init
 .text.LCD_Show_Asc_5x8
                0x0800af94       0x58 build\drivers\jlx12864.o
                0x0800af94                LCD_Show_Asc_5x8
 .text.LCD_Show_Asc_8x16
                0x0800afec      0x220 build\drivers\jlx12864.o
                0x0800afec                LCD_Show_Asc_8x16
 .text.LCD_Show_CH_12x12
                0x0800b20c      0x334 build\drivers\jlx12864.o
                0x0800b20c                LCD_Show_CH_12x12
 .text.GUI_Dispaly_String
                0x0800b540       0xa0 build\drivers\jlx12864.o
                0x0800b540                GUI_Dispaly_String
 .text.lcd_rssi
                0x0800b5e0      0x1d4 build\drivers\jlx12864.o
                0x0800b5e0                lcd_rssi
 .text.lcd_bat_level
                0x0800b7b4      0x170 build\drivers\jlx12864.o
                0x0800b7b4                lcd_bat_level
 .text.lcd_show_charge
                0x0800b924       0x88 build\drivers\jlx12864.o
                0x0800b924                lcd_show_charge
 .text.f315_init
                0x0800b9ac       0xb0 build\drivers\f315.o
                0x0800b9ac                f315_init
 *fill*         0x0800ba5c        0x4 00000000
 .text.TIM1_UP_IRQHandler
                0x0800ba60      0x2d8 build\drivers\f315.o
                0x0800ba60                TIM1_UP_IRQHandler
 .text.PWM_TIMER_pwm_init
                0x0800bd38       0x88 build\drivers\audio.o
                0x0800bd38                PWM_TIMER_pwm_init
 .text.PWM_TIMER_channel_init
                0x0800bdc0       0x38 build\drivers\audio.o
                0x0800bdc0                PWM_TIMER_channel_init
 .text.TIM2_NVIC_Config
                0x0800bdf8       0x2c build\drivers\audio.o
                0x0800bdf8                TIM2_NVIC_Config
 .text.TIM2_Init
                0x0800be24       0x64 build\drivers\audio.o
                0x0800be24                TIM2_Init
 .text.TIM2_IRQHandler
                0x0800be88       0x88 build\drivers\audio.o
                0x0800be88                TIM2_IRQHandler
 .text.wav_out  0x0800bf10       0x48 build\drivers\audio.o
                0x0800bf10                wav_out
 .text.usr_uart_init
                0x0800bf58       0x94 build\drivers\usr_uart.o
                0x0800bf58                usr_uart_init
 .text.usr_uart_dma_init
                0x0800bfec       0x80 build\drivers\usr_uart.o
                0x0800bfec                usr_uart_dma_init
 .text.uart2_write
                0x0800c06c       0x34 build\drivers\usr_uart.o
                0x0800c06c                uart2_write
 .text.uart2_read
                0x0800c0a0       0x88 build\drivers\usr_uart.o
                0x0800c0a0                uart2_read
 .text.SystemInit
                0x0800c128      0x130 build\Libraries\CMSIS\CM3\DeviceSupport\ST\STM32F10x\system_stm32f10x.o
                0x0800c128                SystemInit
 .text.RCC_GetClocksFreq
                0x0800c258       0xb4 build\Libraries\STM32F10x_StdPeriph_Driver\src\stm32f10x_rcc.o
                0x0800c258                RCC_GetClocksFreq
 .text.RCC_AHBPeriphClockCmd
                0x0800c30c       0x70 build\Libraries\STM32F10x_StdPeriph_Driver\src\stm32f10x_rcc.o
                0x0800c30c                RCC_AHBPeriphClockCmd
 .text.RCC_APB2PeriphClockCmd
                0x0800c37c       0x74 build\Libraries\STM32F10x_StdPeriph_Driver\src\stm32f10x_rcc.o
                0x0800c37c                RCC_APB2PeriphClockCmd
 .text.RCC_APB1PeriphClockCmd
                0x0800c3f0       0x74 build\Libraries\STM32F10x_StdPeriph_Driver\src\stm32f10x_rcc.o
                0x0800c3f0                RCC_APB1PeriphClockCmd
 .text.RCC_APB2PeriphResetCmd
                0x0800c464       0x74 build\Libraries\STM32F10x_StdPeriph_Driver\src\stm32f10x_rcc.o
                0x0800c464                RCC_APB2PeriphResetCmd
 .text.RCC_APB1PeriphResetCmd
                0x0800c4d8       0x74 build\Libraries\STM32F10x_StdPeriph_Driver\src\stm32f10x_rcc.o
                0x0800c4d8                RCC_APB1PeriphResetCmd
 .text.TIM_DeInit
                0x0800c54c      0x3a8 build\Libraries\STM32F10x_StdPeriph_Driver\src\stm32f10x_tim.o
                0x0800c54c                TIM_DeInit
 .text.TIM_TimeBaseInit
                0x0800c8f4      0x2b0 build\Libraries\STM32F10x_StdPeriph_Driver\src\stm32f10x_tim.o
                0x0800c8f4                TIM_TimeBaseInit
 .text.TIM_OC1Init
                0x0800cba4      0x338 build\Libraries\STM32F10x_StdPeriph_Driver\src\stm32f10x_tim.o
                0x0800cba4                TIM_OC1Init
 .text.TIM_OC2Init
                0x0800cedc      0x2c8 build\Libraries\STM32F10x_StdPeriph_Driver\src\stm32f10x_tim.o
                0x0800cedc                TIM_OC2Init
 .text.TIM_Cmd  0x0800d1a4      0x178 build\Libraries\STM32F10x_StdPeriph_Driver\src\stm32f10x_tim.o
                0x0800d1a4                TIM_Cmd
 .text.TIM_ITConfig
                0x0800d31c      0x1a0 build\Libraries\STM32F10x_StdPeriph_Driver\src\stm32f10x_tim.o
                0x0800d31c                TIM_ITConfig
 .text.TIM_ARRPreloadConfig
                0x0800d4bc      0x178 build\Libraries\STM32F10x_StdPeriph_Driver\src\stm32f10x_tim.o
                0x0800d4bc                TIM_ARRPreloadConfig
 .text.TIM_OC1PreloadConfig
                0x0800d634      0x14c build\Libraries\STM32F10x_StdPeriph_Driver\src\stm32f10x_tim.o
                0x0800d634                TIM_OC1PreloadConfig
 .text.TIM_OC2PreloadConfig
                0x0800d780       0xe0 build\Libraries\STM32F10x_StdPeriph_Driver\src\stm32f10x_tim.o
                0x0800d780                TIM_OC2PreloadConfig
 .text.TIM_ClearFlag
                0x0800d860      0x168 build\Libraries\STM32F10x_StdPeriph_Driver\src\stm32f10x_tim.o
                0x0800d860                TIM_ClearFlag
 .text.TIM_GetITStatus
                0x0800d9c8      0x1b8 build\Libraries\STM32F10x_StdPeriph_Driver\src\stm32f10x_tim.o
                0x0800d9c8                TIM_GetITStatus
 .text.SPI_Init
                0x0800db80      0x1f8 build\Libraries\STM32F10x_StdPeriph_Driver\src\stm32f10x_spi.o
                0x0800db80                SPI_Init
 .text.SPI_Cmd  0x0800dd78       0x7c build\Libraries\STM32F10x_StdPeriph_Driver\src\stm32f10x_spi.o
                0x0800dd78                SPI_Cmd
 .text.SPI_I2S_GetFlagStatus
                0x0800ddf4       0xb0 build\Libraries\STM32F10x_StdPeriph_Driver\src\stm32f10x_spi.o
                0x0800ddf4                SPI_I2S_GetFlagStatus
 .text.FLASH_Unlock
                0x0800dea4       0x20 build\Libraries\STM32F10x_StdPeriph_Driver\src\stm32f10x_flash.o
                0x0800dea4                FLASH_Unlock
 .text.FLASH_Lock
                0x0800dec4       0x14 build\Libraries\STM32F10x_StdPeriph_Driver\src\stm32f10x_flash.o
                0x0800dec4                FLASH_Lock
 .text.FLASH_GetBank1Status
                0x0800ded8       0x2c build\Libraries\STM32F10x_StdPeriph_Driver\src\stm32f10x_flash.o
                0x0800ded8                FLASH_GetBank1Status
 .text.FLASH_WaitForLastOperation
                0x0800df04       0x3c build\Libraries\STM32F10x_StdPeriph_Driver\src\stm32f10x_flash.o
                0x0800df04                FLASH_WaitForLastOperation
 .text.FLASH_ProgramWord
                0x0800df40       0x94 build\Libraries\STM32F10x_StdPeriph_Driver\src\stm32f10x_flash.o
                0x0800df40                FLASH_ProgramWord
 .text.FLASH_ErasePage
                0x0800dfd4       0x70 build\Libraries\STM32F10x_StdPeriph_Driver\src\stm32f10x_flash.o
                0x0800dfd4                FLASH_ErasePage
 .text.GPIO_Init
                0x0800e044      0x3e0 build\Libraries\STM32F10x_StdPeriph_Driver\src\stm32f10x_gpio.o
                0x0800e044                GPIO_Init
 .text.GPIO_ReadInputDataBit
                0x0800e424      0x150 build\Libraries\STM32F10x_StdPeriph_Driver\src\stm32f10x_gpio.o
                0x0800e424                GPIO_ReadInputDataBit
 .text.GPIO_SetBits
                0x0800e574       0xa4 build\Libraries\STM32F10x_StdPeriph_Driver\src\stm32f10x_gpio.o
                0x0800e574                GPIO_SetBits
 .text.GPIO_ResetBits
                0x0800e618       0xa4 build\Libraries\STM32F10x_StdPeriph_Driver\src\stm32f10x_gpio.o
                0x0800e618                GPIO_ResetBits
 .text.GPIO_PinRemapConfig
                0x0800e6bc      0x304 build\Libraries\STM32F10x_StdPeriph_Driver\src\stm32f10x_gpio.o
                0x0800e6bc                GPIO_PinRemapConfig
 .text.USART_Init
                0x0800e9c0      0x2a0 build\Libraries\STM32F10x_StdPeriph_Driver\src\stm32f10x_usart.o
                0x0800e9c0                USART_Init
 .text.USART_Cmd
                0x0800ec60       0xa0 build\Libraries\STM32F10x_StdPeriph_Driver\src\stm32f10x_usart.o
                0x0800ec60                USART_Cmd
 .text.USART_ITConfig
                0x0800ed00      0x168 build\Libraries\STM32F10x_StdPeriph_Driver\src\stm32f10x_usart.o
                0x0800ed00                USART_ITConfig
 .text.USART_DMACmd
                0x0800ee68       0xcc build\Libraries\STM32F10x_StdPeriph_Driver\src\stm32f10x_usart.o
                0x0800ee68                USART_DMACmd
 .text.USART_SendData
                0x0800ef34       0x88 build\Libraries\STM32F10x_StdPeriph_Driver\src\stm32f10x_usart.o
                0x0800ef34                USART_SendData
 .text.USART_GetFlagStatus
                0x0800efbc      0x120 build\Libraries\STM32F10x_StdPeriph_Driver\src\stm32f10x_usart.o
                0x0800efbc                USART_GetFlagStatus
 .text.USART_GetITStatus
                0x0800f0dc      0x188 build\Libraries\STM32F10x_StdPeriph_Driver\src\stm32f10x_usart.o
                0x0800f0dc                USART_GetITStatus
 .text.USART_ClearITPendingBit
                0x0800f264       0xf4 build\Libraries\STM32F10x_StdPeriph_Driver\src\stm32f10x_usart.o
                0x0800f264                USART_ClearITPendingBit
 .text.DMA_DeInit
                0x0800f358      0x264 build\Libraries\STM32F10x_StdPeriph_Driver\src\stm32f10x_dma.o
                0x0800f358                DMA_DeInit
 .text.DMA_Init
                0x0800f5bc      0x2e4 build\Libraries\STM32F10x_StdPeriph_Driver\src\stm32f10x_dma.o
                0x0800f5bc                DMA_Init
 .text.DMA_Cmd  0x0800f8a0      0x120 build\Libraries\STM32F10x_StdPeriph_Driver\src\stm32f10x_dma.o
                0x0800f8a0                DMA_Cmd
 .text.NVIC_PriorityGroupConfig
                0x0800f9c0       0x58 build\Libraries\STM32F10x_StdPeriph_Driver\src\misc.o
                0x0800f9c0                NVIC_PriorityGroupConfig
 .text.NVIC_Init
                0x0800fa18       0xc4 build\Libraries\STM32F10x_StdPeriph_Driver\src\misc.o
                0x0800fa18                NVIC_Init
 .text.NVIC_SetVectorTable
                0x0800fadc       0x5c build\Libraries\STM32F10x_StdPeriph_Driver\src\misc.o
                0x0800fadc                NVIC_SetVectorTable
 .text.Reset_Handler
                0x0800fb38       0x4c build\Libraries\CMSIS\CM3\DeviceSupport\ST\STM32F10x\startup\gcc_ride7\startup_stm32f10x_hd.o
                0x0800fb38                Reset_Handler
 .text.Default_Handler
                0x0800fb84        0x4 build\Libraries\CMSIS\CM3\DeviceSupport\ST\STM32F10x\startup\gcc_ride7\startup_stm32f10x_hd.o
                0x0800fb84                EXTI2_IRQHandler
                0x0800fb84                TIM8_TRG_COM_IRQHandler
                0x0800fb84                TIM8_CC_IRQHandler
                0x0800fb84                TIM1_CC_IRQHandler
                0x0800fb84                TIM6_IRQHandler
                0x0800fb84                PVD_IRQHandler
                0x0800fb84                SDIO_IRQHandler
                0x0800fb84                EXTI3_IRQHandler
                0x0800fb84                EXTI0_IRQHandler
                0x0800fb84                I2C2_EV_IRQHandler
                0x0800fb84                ADC1_2_IRQHandler
                0x0800fb84                SPI1_IRQHandler
                0x0800fb84                TAMPER_IRQHandler
                0x0800fb84                TIM8_UP_IRQHandler
                0x0800fb84                DMA2_Channel2_IRQHandler
                0x0800fb84                DMA1_Channel4_IRQHandler
                0x0800fb84                USART3_IRQHandler
                0x0800fb84                RTC_IRQHandler
                0x0800fb84                DMA1_Channel7_IRQHandler
                0x0800fb84                CAN1_RX1_IRQHandler
                0x0800fb84                UART5_IRQHandler
                0x0800fb84                ADC3_IRQHandler
                0x0800fb84                TIM4_IRQHandler
                0x0800fb84                DMA2_Channel1_IRQHandler
                0x0800fb84                I2C1_EV_IRQHandler
                0x0800fb84                DMA1_Channel6_IRQHandler
                0x0800fb84                TIM3_IRQHandler
                0x0800fb84                RCC_IRQHandler
                0x0800fb84                TIM1_TRG_COM_IRQHandler
                0x0800fb84                DMA1_Channel1_IRQHandler
                0x0800fb84                Default_Handler
                0x0800fb84                EXTI15_10_IRQHandler
                0x0800fb84                TIM7_IRQHandler
                0x0800fb84                TIM5_IRQHandler
                0x0800fb84                EXTI9_5_IRQHandler
                0x0800fb84                SPI2_IRQHandler
                0x0800fb84                DMA1_Channel5_IRQHandler
                0x0800fb84                EXTI4_IRQHandler
                0x0800fb84                USB_LP_CAN1_RX0_IRQHandler
                0x0800fb84                USB_HP_CAN1_TX_IRQHandler
                0x0800fb84                DMA1_Channel3_IRQHandler
                0x0800fb84                FSMC_IRQHandler
                0x0800fb84                WWDG_IRQHandler
                0x0800fb84                TIM1_BRK_IRQHandler
                0x0800fb84                EXTI1_IRQHandler
                0x0800fb84                RTCAlarm_IRQHandler
                0x0800fb84                DMA2_Channel4_5_IRQHandler
                0x0800fb84                USART2_IRQHandler
                0x0800fb84                I2C2_ER_IRQHandler
                0x0800fb84                DMA1_Channel2_IRQHandler
                0x0800fb84                TIM8_BRK_IRQHandler
                0x0800fb84                CAN1_SCE_IRQHandler
                0x0800fb84                FLASH_IRQHandler
                0x0800fb84                USART1_IRQHandler
                0x0800fb84                SPI3_IRQHandler
                0x0800fb84                I2C1_ER_IRQHandler
                0x0800fb84                USBWakeUp_IRQHandler
                0x0800fb84                DMA2_Channel3_IRQHandler
 .text.rt_tick_get
                0x0800fb88        0xc build\src\clock.o
                0x0800fb88                rt_tick_get
 .text.rt_tick_increase
                0x0800fb94       0x2c build\src\clock.o
                0x0800fb94                rt_tick_increase
 .text.rt_device_find
                0x0800fbc0       0x5c build\src\device.o
                0x0800fbc0                rt_device_find
 .text.rt_device_register
                0x0800fc1c       0x34 build\src\device.o
                0x0800fc1c                rt_device_register
 .text.rt_device_open
                0x0800fc50       0xe0 build\src\device.o
                0x0800fc50                rt_device_open
 .text.rt_device_close
                0x0800fd30       0x70 build\src\device.o
                0x0800fd30                rt_device_close
 .text.rt_device_read
                0x0800fda0       0x70 build\src\device.o
                0x0800fda0                rt_device_read
 .text.rt_device_write
                0x0800fe10       0x70 build\src\device.o
                0x0800fe10                rt_device_write
 .text.rt_device_set_rx_indicate
                0x0800fe80       0x40 build\src\device.o
                0x0800fe80                rt_device_set_rx_indicate
 .text.rt_thread_idle_sethook
                0x0800fec0        0xc build\src\idle.o
                0x0800fec0                rt_thread_idle_sethook
 .text.rt_thread_idle_excute
                0x0800fecc       0xd4 build\src\idle.o
                0x0800fecc                rt_thread_idle_excute
 .text.rt_thread_idle_entry
                0x0800ffa0       0x18 build\src\idle.o
 .text.rt_thread_idle_init
                0x0800ffb8       0x48 build\src\idle.o
                0x0800ffb8                rt_thread_idle_init
 .text.rt_sem_init
                0x08010000       0x58 build\src\ipc.o
                0x08010000                rt_sem_init
 .text.rt_sem_take
                0x08010058      0x1d4 build\src\ipc.o
                0x08010058                rt_sem_take
 .text.rt_sem_release
                0x0801022c       0x48 build\src\ipc.o
                0x0801022c                rt_sem_release
 .text.rt_interrupt_enter
                0x08010274       0x1c build\src\irq.o
                0x08010274                rt_interrupt_enter
 .text.rt_interrupt_leave
                0x08010290       0x1c build\src\irq.o
                0x08010290                rt_interrupt_leave
 .text.rt_interrupt_get_nest
                0x080102ac        0xc build\src\irq.o
                0x080102ac                rt_interrupt_get_nest
 .text.print_number
                0x080102b8      0x284 build\src\kservice.o
 .text.rt_set_errno
                0x0801053c       0x24 build\src\kservice.o
                0x0801053c                rt_set_errno
 .text.rt_memset
                0x08010560       0xec build\src\kservice.o
                0x08010560                rt_memset
 .text.rt_memcpy
                0x0801064c      0x14c build\src\kservice.o
                0x0801064c                rt_memcpy
 .text.rt_memmove
                0x08010798       0xac build\src\kservice.o
                0x08010798                rt_memmove
 .text.rt_strncpy
                0x08010844       0x88 build\src\kservice.o
                0x08010844                rt_strncpy
 .text.rt_strncmp
                0x080108cc       0x70 build\src\kservice.o
                0x080108cc                rt_strncmp
 .text.rt_vsnprintf
                0x0801093c      0x50c build\src\kservice.o
                0x0801093c                rt_vsnprintf
 .text.rt_console_get_device
                0x08010e48        0xc build\src\kservice.o
                0x08010e48                rt_console_get_device
 .text.rt_console_set_device
                0x08010e54       0x2c build\src\kservice.o
                0x08010e54                rt_console_set_device
 .text.rt_hw_console_output
                0x08010e80        0x4 build\src\kservice.o
                0x08010e80                rt_hw_console_output
 .text.rt_kprintf
                0x08010e84       0x64 build\src\kservice.o
                0x08010e84                rt_kprintf
 .text.rt_show_version
                0x08010ee8       0x4c build\src\kservice.o
                0x08010ee8                rt_show_version
 .text.__rt_ffs
                0x08010f34       0x40 build\src\kservice.o
                0x08010f34                __rt_ffs
 .text.list_mem
                0x08010f74       0x48 build\src\mem.o
                0x08010f74                list_mem
 .text.plug_holes
                0x08010fbc      0x11c build\src\mem.o
 .text.rt_system_heap_init
                0x080110d8       0xfc build\src\mem.o
                0x080110d8                rt_system_heap_init
 .text.rt_malloc
                0x080111d4      0x28c build\src\mem.o
                0x080111d4                rt_malloc
 .text.rt_calloc
                0x08011460       0x7c build\src\mem.o
                0x08011460                rt_calloc
 .text.rt_free  0x080114dc      0x1ec build\src\mem.o
                0x080114dc                rt_free
 .text.rt_realloc
                0x080116c8      0x16c build\src\mem.o
                0x080116c8                rt_realloc
 .text.rt_object_init
                0x08011834       0x4c build\src\object.o
                0x08011834                rt_object_init
 .text.rt_object_detach
                0x08011880       0x64 build\src\object.o
                0x08011880                rt_object_detach
 .text.rt_object_allocate
                0x080118e4       0xb4 build\src\object.o
                0x080118e4                rt_object_allocate
 .text.rt_object_delete
                0x08011998       0xa8 build\src\object.o
                0x08011998                rt_object_delete
 .text.rt_object_is_systemobject
                0x08011a40       0x40 build\src\object.o
                0x08011a40                rt_object_is_systemobject
 .text.rt_system_scheduler_init
                0x08011a80       0x68 build\src\scheduler.o
                0x08011a80                rt_system_scheduler_init
 .text.rt_system_scheduler_start
                0x08011ae8       0x38 build\src\scheduler.o
                0x08011ae8                rt_system_scheduler_start
 .text.rt_schedule
                0x08011b20      0x104 build\src\scheduler.o
                0x08011b20                rt_schedule
 .text.rt_schedule_insert_thread
                0x08011c24       0x80 build\src\scheduler.o
                0x08011c24                rt_schedule_insert_thread
 .text.rt_schedule_remove_thread
                0x08011ca4       0x88 build\src\scheduler.o
                0x08011ca4                rt_schedule_remove_thread
 .text.rt_enter_critical
                0x08011d2c       0x1c build\src\scheduler.o
                0x08011d2c                rt_enter_critical
 .text.rt_exit_critical
                0x08011d48       0x34 build\src\scheduler.o
                0x08011d48                rt_exit_critical
 .text.rt_thread_timeout
                0x08011d7c       0x98 build\src\thread.o
                0x08011d7c                rt_thread_timeout
 .text.rt_thread_exit
                0x08011e14       0x64 build\src\thread.o
 .text._rt_thread_init.isra.0
                0x08011e78       0xac build\src\thread.o
 .text.rt_thread_init
                0x08011f24       0xa4 build\src\thread.o
                0x08011f24                rt_thread_init
 .text.rt_thread_self
                0x08011fc8        0xc build\src\thread.o
                0x08011fc8                rt_thread_self
 .text.rt_thread_create
                0x08011fd4       0x4c build\src\thread.o
                0x08011fd4                rt_thread_create
 .text.rt_thread_delete
                0x08012020       0x70 build\src\thread.o
                0x08012020                rt_thread_delete
 .text.rt_thread_yield
                0x08012090       0x60 build\src\thread.o
                0x08012090                rt_thread_yield
 .text.rt_thread_suspend
                0x080120f0       0x6c build\src\thread.o
                0x080120f0                rt_thread_suspend
 .text.rt_thread_sleep
                0x0801215c       0x7c build\src\thread.o
                0x0801215c                rt_thread_sleep
 .text.rt_thread_delay
                0x080121d8        0x4 build\src\thread.o
                0x080121d8                rt_thread_delay
 .text.rt_thread_resume
                0x080121dc       0x78 build\src\thread.o
                0x080121dc                rt_thread_resume
 .text.rt_thread_startup
                0x08012254       0xa0 build\src\thread.o
                0x08012254                rt_thread_startup
 .text.rt_thread_find
                0x080122f4       0x68 build\src\thread.o
                0x080122f4                rt_thread_find
 .text.rt_timer_init
                0x0801235c       0x68 build\src\timer.o
                0x0801235c                rt_timer_init
 .text.rt_timer_detach
                0x080123c4       0x5c build\src\timer.o
                0x080123c4                rt_timer_detach
 .text.rt_timer_create
                0x08012420       0x34 build\src\timer.o
                0x08012420                rt_timer_create
 .text.rt_timer_start
                0x08012454      0x114 build\src\timer.o
                0x08012454                rt_timer_start
 .text.rt_timer_stop
                0x08012568       0x80 build\src\timer.o
                0x08012568                rt_timer_stop
 .text.rt_timer_control
                0x080125e8       0x6c build\src\timer.o
                0x080125e8                rt_timer_control
 .text.rt_timer_check
                0x08012654       0x88 build\src\timer.o
                0x08012654                rt_timer_check
 .text.rt_system_timer_init
                0x080126dc       0x10 build\src\timer.o
                0x080126dc                rt_system_timer_init
 .text.rt_system_timer_thread_init
                0x080126ec        0x4 build\src\timer.o
                0x080126ec                rt_system_timer_thread_init
 .text.rt_hw_stack_init
                0x080126f0       0x60 build\libcpu\arm\cortex-m3\cpuport.o
                0x080126f0                rt_hw_stack_init
 .text.rt_hw_hard_fault_exception
                0x08012750      0x3f0 build\libcpu\arm\cortex-m3\cpuport.o
                0x08012750                rt_hw_hard_fault_exception
 .text.rt_serial_close
                0x08012b40       0x5c build\components\drivers\serial\serial.o
 .text.rt_serial_open
                0x08012b9c       0x5c build\components\drivers\serial\serial.o
 .text.rt_serial_init
                0x08012bf8       0x98 build\components\drivers\serial\serial.o
 .text.rt_serial_control
                0x08012c90       0x7c build\components\drivers\serial\serial.o
 .text.rt_serial_write
                0x08012d0c      0x250 build\components\drivers\serial\serial.o
 .text.rt_serial_read
                0x08012f5c      0x178 build\components\drivers\serial\serial.o
 .text.rt_hw_serial_register
                0x080130d4       0xa4 build\components\drivers\serial\serial.o
                0x080130d4                rt_hw_serial_register
 .text.rt_hw_serial_isr
                0x08013178       0xb4 build\components\drivers\serial\serial.o
                0x08013178                rt_hw_serial_isr
 .text.rt_data_queue_init
                0x0801322c       0x70 build\components\drivers\src\dataqueue.o
                0x0801322c                rt_data_queue_init
 .text.rt_data_queue_push
                0x0801329c      0x188 build\components\drivers\src\dataqueue.o
                0x0801329c                rt_data_queue_push
 .text.finsh_rx_ind
                0x08013424       0x4c build\components\finsh\shell.o
 .text.finsh_get_prompt
                0x08013470       0x54 build\components\finsh\shell.o
                0x08013470                finsh_get_prompt
 .text.finsh_set_device
                0x080134c4       0xb0 build\components\finsh\shell.o
                0x080134c4                finsh_set_device
 .text.finsh_run_line
                0x08013574       0xa8 build\components\finsh\shell.o
                0x08013574                finsh_run_line
 .text.finsh_thread_entry
                0x0801361c      0x5b4 build\components\finsh\shell.o
                0x0801361c                finsh_thread_entry
 .text.finsh_system_init
                0x08013bd0       0xe4 build\components\finsh\shell.o
                0x08013bd0                finsh_system_init
 .text.list_device
                0x08013cb4       0x6c build\components\finsh\cmd.o
                0x08013cb4                list_device
 .text.show_wait_queue
                0x08013d20       0x34 build\components\finsh\cmd.o
 .text.list_mutex
                0x08013d54       0x70 build\components\finsh\cmd.o
                0x08013d54                list_mutex
 .text.hello    0x08013dc4       0x14 build\components\finsh\cmd.o
                0x08013dc4                hello
 .text.list     0x08013dd8       0xf0 build\components\finsh\cmd.o
                0x08013dd8                list
 .text.list_timer
                0x08013ec8       0x80 build\components\finsh\cmd.o
                0x08013ec8                list_timer
 .text.version  0x08013f48        0xc build\components\finsh\cmd.o
                0x08013f48                version
 .text.list_mempool
                0x08013f54       0x94 build\components\finsh\cmd.o
                0x08013f54                list_mempool
 .text.list_thread
                0x08013fe8       0xd4 build\components\finsh\cmd.o
                0x08013fe8                list_thread
 .text.list_sem
                0x080140bc       0x90 build\components\finsh\cmd.o
                0x080140bc                list_sem
 .text.list_event
                0x0801414c       0x88 build\components\finsh\cmd.o
                0x0801414c                list_event
 .text.list_mailbox
                0x080141d4       0x98 build\components\finsh\cmd.o
                0x080141d4                list_mailbox
 .text.list_msgqueue
                0x0801426c       0x90 build\components\finsh\cmd.o
                0x0801426c                list_msgqueue
 .text.list_prefix
                0x080142fc      0x3b8 build\components\finsh\cmd.o
                0x080142fc                list_prefix
 .text.cmd_time
                0x080146b4        0x4 build\components\finsh\msh_cmd.o
                0x080146b4                cmd_time
 .text.cmd_free
                0x080146b8        0xc build\components\finsh\msh_cmd.o
                0x080146b8                cmd_free
 .text.cmd_ps   0x080146c4        0xc build\components\finsh\msh_cmd.o
                0x080146c4                cmd_ps
 .text.msh_exit
                0x080146d0       0x10 build\components\finsh\msh.o
 .text.msh_enter
                0x080146e0       0x10 build\components\finsh\msh.o
 .text.msh_help
                0x080146f0       0x78 build\components\finsh\msh.o
                0x080146f0                msh_help
 .text.msh_is_used
                0x08014768        0xc build\components\finsh\msh.o
                0x08014768                msh_is_used
 .text.msh_exec
                0x08014774      0x3e4 build\components\finsh\msh.o
                0x08014774                msh_exec
 .text.msh_auto_complete
                0x08014b58       0xd4 build\components\finsh\msh.o
                0x08014b58                msh_auto_complete
 .text.finsh_type_check
                0x08014c2c      0x150 build\components\finsh\finsh_compiler.o
 .text.finsh_compile
                0x08014d7c      0xf28 build\components\finsh\finsh_compiler.o
 .text.finsh_compiler_run
                0x08015ca4       0x68 build\components\finsh\finsh_compiler.o
                0x08015ca4                finsh_compiler_run
 .text.finsh_error_init
                0x08015d0c       0x10 build\components\finsh\finsh_error.o
                0x08015d0c                finsh_error_init
 .text.finsh_error_set
                0x08015d1c       0x10 build\components\finsh\finsh_error.o
                0x08015d1c                finsh_error_set
 .text.finsh_errno
                0x08015d2c        0xc build\components\finsh\finsh_error.o
                0x08015d2c                finsh_errno
 .text.finsh_error_string
                0x08015d38       0x10 build\components\finsh\finsh_error.o
                0x08015d38                finsh_error_string
 .text.finsh_heap_init
                0x08015d48       0x30 build\components\finsh\finsh_heap.o
                0x08015d48                finsh_heap_init
 .text.finsh_heap_free
                0x08015d78      0x118 build\components\finsh\finsh_heap.o
                0x08015d78                finsh_heap_free
 .text.finsh_heap_allocate
                0x08015e90      0x19c build\components\finsh\finsh_heap.o
                0x08015e90                finsh_heap_allocate
 .text.finsh_init
                0x0801602c       0x1c build\components\finsh\finsh_init.o
                0x0801602c                finsh_init
 .text.finsh_stack_bottom
                0x08016048        0xc build\components\finsh\finsh_init.o
                0x08016048                finsh_stack_bottom
 .text.finsh_flush
                0x08016054       0x14 build\components\finsh\finsh_init.o
                0x08016054                finsh_flush
 .text.finsh_node_init
                0x08016068       0x18 build\components\finsh\finsh_node.o
                0x08016068                finsh_node_init
 .text.finsh_node_allocate
                0x08016080       0xcc build\components\finsh\finsh_node.o
                0x08016080                finsh_node_allocate
 .text.finsh_node_new_id
                0x0801614c      0x11c build\components\finsh\finsh_node.o
                0x0801614c                finsh_node_new_id
 .text.finsh_node_new_char
                0x08016268       0xdc build\components\finsh\finsh_node.o
                0x08016268                finsh_node_new_char
 .text.finsh_node_new_int
                0x08016344       0xdc build\components\finsh\finsh_node.o
                0x08016344                finsh_node_new_int
 .text.finsh_node_new_long
                0x08016420       0xdc build\components\finsh\finsh_node.o
                0x08016420                finsh_node_new_long
 .text.finsh_node_new_string
                0x080164fc      0x108 build\components\finsh\finsh_node.o
                0x080164fc                finsh_node_new_string
 .text.finsh_node_new_ptr
                0x08016604       0xdc build\components\finsh\finsh_node.o
                0x08016604                finsh_node_new_ptr
 .text.OP_no_op
                0x080166e0        0x4 build\components\finsh\finsh_ops.o
                0x080166e0                OP_no_op
 .text.OP_add_byte
                0x080166e4       0x24 build\components\finsh\finsh_ops.o
                0x080166e4                OP_add_byte
 .text.OP_add_word
                0x08016708       0x24 build\components\finsh\finsh_ops.o
                0x08016708                OP_add_word
 .text.OP_add_dword
                0x0801672c       0x1c build\components\finsh\finsh_ops.o
                0x0801672c                OP_add_dword
 .text.OP_sub_byte
                0x08016748       0x24 build\components\finsh\finsh_ops.o
                0x08016748                OP_sub_byte
 .text.OP_sub_word
                0x0801676c       0x24 build\components\finsh\finsh_ops.o
                0x0801676c                OP_sub_word
 .text.OP_sub_dword
                0x08016790       0x1c build\components\finsh\finsh_ops.o
                0x08016790                OP_sub_dword
 .text.OP_div_byte
                0x080167ac       0x24 build\components\finsh\finsh_ops.o
                0x080167ac                OP_div_byte
 .text.OP_div_word
                0x080167d0       0x24 build\components\finsh\finsh_ops.o
                0x080167d0                OP_div_word
 .text.OP_div_dword
                0x080167f4       0x20 build\components\finsh\finsh_ops.o
                0x080167f4                OP_div_dword
 .text.OP_mod_byte
                0x08016814       0x2c build\components\finsh\finsh_ops.o
                0x08016814                OP_mod_byte
 .text.OP_mod_word
                0x08016840       0x2c build\components\finsh\finsh_ops.o
                0x08016840                OP_mod_word
 .text.OP_mod_dword
                0x0801686c       0x28 build\components\finsh\finsh_ops.o
                0x0801686c                OP_mod_dword
 .text.OP_mul_byte
                0x08016894       0x24 build\components\finsh\finsh_ops.o
                0x08016894                OP_mul_byte
 .text.OP_mul_word
                0x080168b8       0x24 build\components\finsh\finsh_ops.o
                0x080168b8                OP_mul_word
 .text.OP_mul_dword
                0x080168dc       0x24 build\components\finsh\finsh_ops.o
                0x080168dc                OP_mul_dword
 .text.OP_and_byte
                0x08016900       0x24 build\components\finsh\finsh_ops.o
                0x08016900                OP_and_byte
 .text.OP_and_word
                0x08016924       0x24 build\components\finsh\finsh_ops.o
                0x08016924                OP_and_word
 .text.OP_and_dword
                0x08016948       0x1c build\components\finsh\finsh_ops.o
                0x08016948                OP_and_dword
 .text.OP_or_byte
                0x08016964       0x24 build\components\finsh\finsh_ops.o
                0x08016964                OP_or_byte
 .text.OP_or_word
                0x08016988       0x24 build\components\finsh\finsh_ops.o
                0x08016988                OP_or_word
 .text.OP_or_dword
                0x080169ac       0x1c build\components\finsh\finsh_ops.o
                0x080169ac                OP_or_dword
 .text.OP_xor_byte
                0x080169c8       0x24 build\components\finsh\finsh_ops.o
                0x080169c8                OP_xor_byte
 .text.OP_xor_word
                0x080169ec       0x24 build\components\finsh\finsh_ops.o
                0x080169ec                OP_xor_word
 .text.OP_xor_dword
                0x08016a10       0x1c build\components\finsh\finsh_ops.o
                0x08016a10                OP_xor_dword
 .text.OP_bw_byte
                0x08016a2c       0x18 build\components\finsh\finsh_ops.o
                0x08016a2c                OP_bw_byte
 .text.OP_bw_word
                0x08016a44       0x18 build\components\finsh\finsh_ops.o
                0x08016a44                OP_bw_word
 .text.OP_bw_dword
                0x08016a5c       0x18 build\components\finsh\finsh_ops.o
                0x08016a5c                OP_bw_dword
 .text.OP_shl_byte
                0x08016a74       0x24 build\components\finsh\finsh_ops.o
                0x08016a74                OP_shl_byte
 .text.OP_shl_word
                0x08016a98       0x24 build\components\finsh\finsh_ops.o
                0x08016a98                OP_shl_word
 .text.OP_shl_dword
                0x08016abc       0x20 build\components\finsh\finsh_ops.o
                0x08016abc                OP_shl_dword
 .text.OP_shr_byte
                0x08016adc       0x24 build\components\finsh\finsh_ops.o
                0x08016adc                OP_shr_byte
 .text.OP_shr_word
                0x08016b00       0x24 build\components\finsh\finsh_ops.o
                0x08016b00                OP_shr_word
 .text.OP_shr_dword
                0x08016b24       0x20 build\components\finsh\finsh_ops.o
                0x08016b24                OP_shr_dword
 .text.OP_ld_byte
                0x08016b44       0x2c build\components\finsh\finsh_ops.o
                0x08016b44                OP_ld_byte
 .text.OP_ld_word
                0x08016b70       0x34 build\components\finsh\finsh_ops.o
                0x08016b70                OP_ld_word
 .text.OP_ld_dword
                0x08016ba4       0x40 build\components\finsh\finsh_ops.o
                0x08016ba4                OP_ld_dword
 .text.OP_ld_value_byte
                0x08016be4       0x44 build\components\finsh\finsh_ops.o
                0x08016be4                OP_ld_value_byte
 .text.OP_ld_value_byte_stack
                0x08016c28       0x18 build\components\finsh\finsh_ops.o
                0x08016c28                OP_ld_value_byte_stack
 .text.OP_ld_value_word
                0x08016c40       0x44 build\components\finsh\finsh_ops.o
                0x08016c40                OP_ld_value_word
 .text.OP_ld_value_word_stack
                0x08016c84       0x18 build\components\finsh\finsh_ops.o
                0x08016c84                OP_ld_value_word_stack
 .text.OP_ld_value_dword
                0x08016c9c       0x44 build\components\finsh\finsh_ops.o
                0x08016c9c                OP_ld_value_dword
 .text.OP_ld_value_dword_stack
                0x08016ce0       0x18 build\components\finsh\finsh_ops.o
                0x08016ce0                OP_ld_value_dword_stack
 .text.OP_st_byte
                0x08016cf8       0x1c build\components\finsh\finsh_ops.o
                0x08016cf8                OP_st_byte
 .text.OP_st_word
                0x08016d14       0x1c build\components\finsh\finsh_ops.o
                0x08016d14                OP_st_word
 .text.OP_st_dword
                0x08016d30       0x1c build\components\finsh\finsh_ops.o
                0x08016d30                OP_st_dword
 .text.OP_pop   0x08016d4c       0x10 build\components\finsh\finsh_ops.o
                0x08016d4c                OP_pop
 .text.OP_call  0x08016d5c      0x268 build\components\finsh\finsh_ops.o
                0x08016d5c                OP_call
 .text.proc_type
                0x08016fc4       0xb4 build\components\finsh\finsh_parser.o
 .text.proc_identifier
                0x08017078       0x2c build\components\finsh\finsh_parser.o
 .text.make_sys_node
                0x080170a4       0x30 build\components\finsh\finsh_parser.o
 .text.proc_assign_expr
                0x080170d4       0x68 build\components\finsh\finsh_parser.o
 .text.proc_expr_statement
                0x0801713c       0x34 build\components\finsh\finsh_parser.o
 .text.proc_cast_expr
                0x08017170      0x290 build\components\finsh\finsh_parser.o
 .text.proc_multiplicative_expr
                0x08017400       0x74 build\components\finsh\finsh_parser.o
 .text.proc_additive_expr
                0x08017474       0x64 build\components\finsh\finsh_parser.o
 .text.proc_shift_expr
                0x080174d8       0x50 build\components\finsh\finsh_parser.o
 .text.proc_and_expr
                0x08017528       0x48 build\components\finsh\finsh_parser.o
 .text.proc_exclusive_or_expr
                0x08017570       0x48 build\components\finsh\finsh_parser.o
 .text.proc_variable_decl
                0x080175b8      0x1c8 build\components\finsh\finsh_parser.o
 .text.finsh_parser_run
                0x08017780       0xb8 build\components\finsh\finsh_parser.o
                0x08017780                finsh_parser_run
 .text.finsh_parser_init
                0x08017838       0x10 build\components\finsh\finsh_parser.o
                0x08017838                finsh_parser_init
 .text.finsh_var_init
                0x08017848       0x18 build\components\finsh\finsh_var.o
                0x08017848                finsh_var_init
 .text.finsh_var_insert
                0x08017860      0x1ac build\components\finsh\finsh_var.o
                0x08017860                finsh_var_insert
 .text.finsh_var_lookup
                0x08017a0c       0xa8 build\components\finsh\finsh_var.o
                0x08017a0c                finsh_var_lookup
 .text.finsh_sysvar_lookup
                0x08017ab4       0x90 build\components\finsh\finsh_var.o
                0x08017ab4                finsh_sysvar_lookup
 .text.finsh_vm_run
                0x08017b44       0x48 build\components\finsh\finsh_vm.o
                0x08017b44                finsh_vm_run
 .text.finsh_syscall_lookup
                0x08017b8c       0x68 build\components\finsh\finsh_vm.o
                0x08017b8c                finsh_syscall_lookup
 .text.token_prev_char
                0x08017bf4       0x10 build\components\finsh\finsh_token.o
 .text.token_next_char
                0x08017c04       0x34 build\components\finsh\finsh_token.o
 .text.finsh_token_init
                0x08017c38       0x14 build\components\finsh\finsh_token.o
                0x08017c38                finsh_token_init
 .text.token_get_string
                0x08017c4c       0x94 build\components\finsh\finsh_token.o
                0x08017c4c                token_get_string
 .text.finsh_token_token
                0x08017ce0      0x628 build\components\finsh\finsh_token.o
                0x08017ce0                finsh_token_token
 .text._malloc_r
                0x08018308       0x14 build\components\libc\newlib\syscalls.o
                0x08018308                _malloc_r
 .text._realloc_r
                0x0801831c       0x18 build\components\libc\newlib\syscalls.o
                0x0801831c                _realloc_r
 .text._calloc_r
                0x08018334       0x18 build\components\libc\newlib\syscalls.o
                0x08018334                _calloc_r
 .text._free_r  0x0801834c        0x8 build\components\libc\newlib\syscalls.o
                0x0801834c                _free_r
 *(.rodata)
 .rodata        0x08018354       0x48 build\applications\detector_manage.o
 .rodata        0x0801839c       0x60 build\applications\menu.o
 .rodata        0x080183fc       0x88 build\applications\room_manage.o
 .rodata        0x08018484       0x90 build\applications\settings.o
 .rodata        0x08018514        0x8 build\drivers\usart.o
 .rodata        0x0801851c       0x10 build\drivers\jlx12864.o
 .rodata        0x0801852c       0x4c build\components\finsh\cmd.o
 .rodata        0x08018578       0x20 c:/users/dren/desktop/ajs_gw_src_proj/arm-eabi/bin/../lib/gcc/arm-none-eabi/4.6.3/../../../../arm-none-eabi/lib/thumb2\libc.a(lib_a-svfprintf.o)
 .rodata        0x08018598      0x104 c:/users/dren/desktop/ajs_gw_src_proj/arm-eabi/bin/../lib/gcc/arm-none-eabi/4.6.3/../../../../arm-none-eabi/lib/thumb2\libc.a(lib_a-ctype_.o)
                0x08018598                _ctype_
 *fill*         0x0801869c        0x4 00000000
 .rodata        0x080186a0      0x128 c:/users/dren/desktop/ajs_gw_src_proj/arm-eabi/bin/../lib/gcc/arm-none-eabi/4.6.3/../../../../arm-none-eabi/lib/thumb2\libc.a(lib_a-mprec.o)
                0x080186b0                __mprec_tens
                0x08018778                __mprec_tinytens
                0x080187a0                __mprec_bigtens
 .rodata        0x080187c8       0x20 c:/users/dren/desktop/ajs_gw_src_proj/arm-eabi/bin/../lib/gcc/arm-none-eabi/4.6.3/../../../../arm-none-eabi/lib/thumb2\libc.a(lib_a-svfiprintf.o)
 .rodata        0x080187e8       0x60 c:/users/dren/desktop/ajs_gw_src_proj/arm-eabi/bin/../lib/gcc/arm-none-eabi/4.6.3/../../../../arm-none-eabi/lib/thumb2\libc.a(lib_a-findfp.o)
                0x080187e8                __sf_fake_stderr
                0x08018808                __sf_fake_stdout
                0x08018828                __sf_fake_stdin
 *(.rodata*)
 .rodata.str1.4
                0x08018848       0x25 build\applications\application.o
                                 0x28 (size before relaxing)
 *fill*         0x0801886d        0x3 00000000
 .rodata.str1.4
                0x08018870       0xea build\applications\detector_manage.o
                                 0xec (size before relaxing)
 *fill*         0x0801895a        0x2 00000000
 .rodata.fire   0x0801895c       0x20 build\applications\listen.o
                0x0801895c                fire
 .rodata.str1.4
                0x0801897c       0xac build\applications\listen.o
 .rodata.str1.4
                0x08018a28       0x61 build\applications\menu.o
                                 0x78 (size before relaxing)
 *fill*         0x08018a89        0x3 00000000
 .rodata.str1.4
                0x08018a8c       0x58 build\applications\record.o
                                 0x60 (size before relaxing)
 .rodata.str1.4
                0x08018ae4       0xe2 build\applications\room_manage.o
                                 0xf8 (size before relaxing)
 *fill*         0x08018bc6        0x2 00000000
 .rodata.str1.4
                0x08018bc8       0xde build\applications\settings.o
                                0x128 (size before relaxing)
 *fill*         0x08018ca6        0x2 00000000
 .rodata.str1.4
                0x08018ca8      0x104 build\applications\sim900a.o
                                0x118 (size before relaxing)
 .rodata.__fsym___cmd_at_desc
                0x08018dac       0x10 build\applications\sim900a.o
                0x08018dac                __fsym___cmd_at_desc
 .rodata.__fsym___cmd_at_name
                0x08018dbc        0xc build\applications\sim900a.o
                0x08018dbc                __fsym___cmd_at_name
 .rodata.str1.4
                0x08018dc8       0x4e build\applications\startup.o
                                 0x50 (size before relaxing)
 .rodata.str1.4
                0x00000000        0x8 build\drivers\board.o
 *fill*         0x08018e16        0x2 00000000
 .rodata.__fsym___cmd_look_desc
                0x08018e18       0x18 build\drivers\led.o
                0x08018e18                __fsym___cmd_look_desc
 .rodata.__fsym___cmd_reset_name
                0x08018e30        0xc build\drivers\led.o
                0x08018e30                __fsym___cmd_reset_name
 .rodata.__fsym___cmd_kill_name
                0x08018e3c        0xc build\drivers\led.o
                0x08018e3c                __fsym___cmd_kill_name
 .rodata.__fsym___cmd_look_name
                0x08018e48        0xc build\drivers\led.o
                0x08018e48                __fsym___cmd_look_name
 .rodata.str1.4
                0x08018e54       0x58 build\drivers\led.o
 .rodata.__fsym___cmd_reset_desc
                0x08018eac        0xc build\drivers\led.o
                0x08018eac                __fsym___cmd_reset_desc
 .rodata.__fsym___cmd_kill_desc
                0x08018eb8       0x1c build\drivers\led.o
                0x08018eb8                __fsym___cmd_kill_desc
 .rodata.__FUNCTION__.7463
                0x08018ed4        0xc build\drivers\usart.o
 .rodata.__FUNCTION__.7476
                0x08018ee0        0xc build\drivers\usart.o
 .rodata.stm32_uart_ops
                0x08018eec       0x14 build\drivers\usart.o
 .rodata.str1.4
                0x08018f00       0x43 build\drivers\usart.o
                                 0x4c (size before relaxing)
 *fill*         0x08018f43        0x1 00000000
 .rodata.__FUNCTION__.7435
                0x08018f44       0x10 build\drivers\usart.o
 .rodata.__FUNCTION__.7450
                0x08018f54       0x10 build\drivers\usart.o
 .rodata.chardot_8x16
                0x08018f64      0x600 build\drivers\jlx12864.o
                0x08018f64                chardot_8x16
 .rodata.chardot_5x8
                0x08019564      0x1e0 build\drivers\jlx12864.o
                0x08019564                chardot_5x8
 .rodata.hz12_font
                0x08019744    0x27a80 build\drivers\hz12font.o
                0x08019744                hz12_font
 .rodata.eight_data
                0x080411c4      0xb04 build\drivers\audio.o
                0x080411c4                eight_data
 .rodata.three_data
                0x08041cc8      0xc80 build\drivers\audio.o
                0x08041cc8                three_data
 .rodata.danyuan
                0x08042948     0x1810 build\drivers\audio.o
                0x08042948                danyuan
 .rodata.zero_data
                0x08044158      0xe04 build\drivers\audio.o
                0x08044158                zero_data
 .rodata.two_data
                0x08044f5c      0xb80 build\drivers\audio.o
                0x08044f5c                two_data
 .rodata.fire_data
                0x08045adc     0x34ac build\drivers\audio.o
                0x08045adc                fire_data
 .rodata.one_data
                0x08048f88      0xabc build\drivers\audio.o
                0x08048f88                one_data
 .rodata.dong   0x08049a44      0x830 build\drivers\audio.o
                0x08049a44                dong
 .rodata.gang_data
                0x0804a274      0xbb8 build\drivers\audio.o
                0x0804a274                gang_data
 .rodata.seven_data
                0x0804ae2c      0xe10 build\drivers\audio.o
                0x0804ae2c                seven_data
 .rodata.six_data
                0x0804bc3c      0xe3c build\drivers\audio.o
                0x0804bc3c                six_data
 .rodata.five_data
                0x0804ca78      0xdfc build\drivers\audio.o
                0x0804ca78                five_data
 .rodata.nien_data
                0x0804d874      0xe74 build\drivers\audio.o
                0x0804d874                nien_data
 .rodata.four_data
                0x0804e6e8      0xd48 build\drivers\audio.o
                0x0804e6e8                four_data
 .rodata.du_data
                0x0804f430      0x98c build\drivers\audio.o
                0x0804f430                du_data
 .rodata.str1.4
                0x0804fdbc       0x39 build\Libraries\STM32F10x_StdPeriph_Driver\src\stm32f10x_rcc.o
                                 0x3c (size before relaxing)
 *fill*         0x0804fdf5        0x3 00000000
 .rodata.str1.4
                0x0804fdf8       0x39 build\Libraries\STM32F10x_StdPeriph_Driver\src\stm32f10x_tim.o
                                 0x3c (size before relaxing)
 *fill*         0x0804fe31        0x3 00000000
 .rodata.str1.4
                0x0804fe34       0x39 build\Libraries\STM32F10x_StdPeriph_Driver\src\stm32f10x_spi.o
                                 0x3c (size before relaxing)
 *fill*         0x0804fe6d        0x3 00000000
 .rodata.str1.4
                0x0804fe70       0x3b build\Libraries\STM32F10x_StdPeriph_Driver\src\stm32f10x_flash.o
                                 0x3c (size before relaxing)
 *fill*         0x0804feab        0x1 00000000
 .rodata.str1.4
                0x0804feac       0x3a build\Libraries\STM32F10x_StdPeriph_Driver\src\stm32f10x_gpio.o
                                 0x3c (size before relaxing)
 *fill*         0x0804fee6        0x2 00000000
 .rodata.str1.4
                0x0804fee8       0x3b build\Libraries\STM32F10x_StdPeriph_Driver\src\stm32f10x_usart.o
                                 0x3c (size before relaxing)
 *fill*         0x0804ff23        0x1 00000000
 .rodata.str1.4
                0x0804ff24       0x39 build\Libraries\STM32F10x_StdPeriph_Driver\src\stm32f10x_dma.o
                                 0x3c (size before relaxing)
 *fill*         0x0804ff5d        0x3 00000000
 .rodata.str1.4
                0x0804ff60       0x30 build\Libraries\STM32F10x_StdPeriph_Driver\src\misc.o
 .rodata.__FUNCTION__.4692
                0x0804ff90       0x10 build\src\device.o
 .rodata.__FUNCTION__.4748
                0x0804ffa0       0x1c build\src\device.o
 .rodata.__FUNCTION__.4705
                0x0804ffbc       0x10 build\src\device.o
 .rodata.str1.4
                0x0804ffcc       0x5c build\src\device.o
                                 0x7c (size before relaxing)
 .rodata.__FUNCTION__.4727
                0x08050028       0x10 build\src\device.o
 .rodata.__FUNCTION__.4716
                0x08050038       0x10 build\src\device.o
 .rodata.str1.4
                0x08050048       0x2a build\src\idle.o
                                 0x50 (size before relaxing)
 *fill*         0x08050072        0x2 00000000
 .rodata.__FUNCTION__.4714
                0x08050074       0x18 build\src\idle.o
 .rodata.__FUNCTION__.4785
                0x0805008c        0xc build\src\ipc.o
 .rodata.str1.4
                0x08050098       0xae build\src\ipc.o
                                 0xf8 (size before relaxing)
 *fill*         0x08050146        0x2 00000000
 .rodata.__FUNCTION__.4741
                0x08050148        0xc build\src\ipc.o
 .rodata.str1.4
                0x08050154       0x8e build\src\kservice.o
                                 0x90 (size before relaxing)
 *fill*         0x080501e2        0x2 00000000
 .rodata.__lowest_bit_bitmap
                0x080501e4      0x100 build\src\kservice.o
                0x080501e4                __lowest_bit_bitmap
 .rodata.small_digits.4864
                0x080502e4       0x14 build\src\kservice.o
 .rodata.large_digits.4865
                0x080502f8       0x14 build\src\kservice.o
 .rodata.__fsym_list_mem_name
                0x0805030c        0xc build\src\mem.o
                0x0805030c                __fsym_list_mem_name
 .rodata.__FUNCTION__.4824
                0x08050318        0x8 build\src\mem.o
 .rodata.__FUNCTION__.4752
                0x08050320       0x14 build\src\mem.o
 .rodata.__FUNCTION__.4803
                0x08050334        0xc build\src\mem.o
 .rodata.__FUNCTION__.4765
                0x08050340        0xc build\src\mem.o
 .rodata.__FUNCTION__.4814
                0x0805034c        0xc build\src\mem.o
 .rodata.str1.4
                0x08050358      0x25d build\src\mem.o
                                0x2a8 (size before relaxing)
 *fill*         0x080505b5        0x3 00000000
 .rodata.__fsym_list_mem_desc
                0x080505b8       0x20 build\src\mem.o
                0x080505b8                __fsym_list_mem_desc
 .rodata.__FUNCTION__.4732
                0x080505d8        0xc build\src\mem.o
 .rodata.__FUNCTION__.4749
                0x080505e4       0x14 build\src\object.o
 .rodata.__FUNCTION__.4761
                0x080505f8       0x14 build\src\object.o
 .rodata.str1.4
                0x0805060c       0x3d build\src\object.o
                                 0x88 (size before relaxing)
 *fill*         0x08050649        0x3 00000000
 .rodata.__FUNCTION__.4771
                0x0805064c       0x14 build\src\object.o
 .rodata.__FUNCTION__.4783
                0x08050660       0x1c build\src\object.o
 .rodata.__FUNCTION__.4756
                0x0805067c       0x1c build\src\scheduler.o
 .rodata.__FUNCTION__.4765
                0x08050698       0x1c build\src\scheduler.o
 .rodata.str1.4
                0x080506b4       0x65 build\src\scheduler.o
                                 0x88 (size before relaxing)
 *fill*         0x08050719        0x3 00000000
 .rodata.__FUNCTION__.4721
                0x0805071c       0x1c build\src\scheduler.o
 .rodata.__FUNCTION__.4736
                0x08050738       0x10 build\src\thread.o
 .rodata.__FUNCTION__.4799
                0x08050748       0x10 build\src\thread.o
 .rodata.__FUNCTION__.4751
                0x08050758       0x14 build\src\thread.o
 .rodata.str1.4
                0x0805076c       0x7f build\src\thread.o
                                 0xb4 (size before relaxing)
 *fill*         0x080507eb        0x1 00000000
 .rodata.__FUNCTION__.4720
                0x080507ec       0x10 build\src\thread.o
 .rodata.__FUNCTION__.4827
                0x080507fc       0x14 build\src\thread.o
 .rodata.__FUNCTION__.4784
                0x08050810       0x14 build\src\thread.o
 .rodata.__FUNCTION__.4836
                0x08050824       0x14 build\src\thread.o
 .rodata.__FUNCTION__.4845
                0x08050838       0x14 build\src\thread.o
 .rodata.__FUNCTION__.4744
                0x0805084c       0x10 build\src\timer.o
 .rodata.__FUNCTION__.4753
                0x0805085c       0x10 build\src\timer.o
 .rodata.__FUNCTION__.4810
                0x0805086c       0x10 build\src\timer.o
 .rodata.__FUNCTION__.4820
                0x0805087c       0x14 build\src\timer.o
 .rodata.str1.4
                0x08050890       0x37 build\src\timer.o
                                 0x58 (size before relaxing)
 *fill*         0x080508c7        0x1 00000000
 .rodata.__FUNCTION__.4785
                0x080508c8       0x10 build\src\timer.o
 .rodata.str1.4
                0x080508d8      0x2b5 build\libcpu\arm\cortex-m3\cpuport.o
                                0x2e0 (size before relaxing)
 *fill*         0x08050b8d        0x3 00000000
 .rodata.__FUNCTION__.5017
                0x08050b90       0x18 build\components\drivers\serial\serial.o
 .rodata.__FUNCTION__.4977
                0x08050ba8       0x10 build\components\drivers\serial\serial.o
 .rodata.__FUNCTION__.5026
                0x08050bb8       0x14 build\components\drivers\serial\serial.o
 .rodata.__FUNCTION__.4921
                0x08050bcc       0x10 build\components\drivers\serial\serial.o
 .rodata.__FUNCTION__.4932
                0x08050bdc       0x10 build\components\drivers\serial\serial.o
 .rodata.str1.4
                0x08050bec       0x58 build\components\drivers\serial\serial.o
                                 0x9c (size before relaxing)
 .rodata.__FUNCTION__.4942
                0x08050c44       0x10 build\components\drivers\serial\serial.o
 .rodata.__FUNCTION__.5000
                0x08050c54       0x14 build\components\drivers\serial\serial.o
 .rodata.__FUNCTION__.4956
                0x08050c68       0x10 build\components\drivers\serial\serial.o
 .rodata.__FUNCTION__.4902
                0x08050c78       0x14 build\components\drivers\src\dataqueue.o
 .rodata.__FUNCTION__.4917
                0x08050c8c       0x14 build\components\drivers\src\dataqueue.o
 .rodata.str1.4
                0x08050ca0       0x38 build\components\drivers\src\dataqueue.o
                                 0x80 (size before relaxing)
 .rodata.__FUNCTION__.5237
                0x08050cd8       0x14 build\components\finsh\shell.o
 .rodata.str1.4
                0x08050cec       0xcb build\components\finsh\shell.o
                                 0xf4 (size before relaxing)
 *fill*         0x08050db7        0x1 00000000
 .rodata.__FUNCTION__.5290
                0x08050db8       0x14 build\components\finsh\shell.o
 .rodata.__FUNCTION__.5228
                0x08050dcc       0x10 build\components\finsh\shell.o
 .rodata.__fsym_list_event_desc
                0x08050ddc       0x18 build\components\finsh\cmd.o
                0x08050ddc                __fsym_list_event_desc
 .rodata.__fsym_list_mailbox_name
                0x08050df4       0x10 build\components\finsh\cmd.o
                0x08050df4                __fsym_list_mailbox_name
 .rodata.__fsym_version_name
                0x08050e04        0x8 build\components\finsh\cmd.o
                0x08050e04                __fsym_version_name
 .rodata.__fsym_list_msgqueue_name
                0x08050e0c       0x10 build\components\finsh\cmd.o
                0x08050e0c                __fsym_list_msgqueue_name
 .rodata.__fsym___cmd_list_mempool_desc
                0x08050e1c       0x1c build\components\finsh\cmd.o
                0x08050e1c                __fsym___cmd_list_mempool_desc
 .rodata.__fsym___cmd_version_desc
                0x08050e38       0x24 build\components\finsh\cmd.o
                0x08050e38                __fsym___cmd_version_desc